20:59:07 Compiling + training IPPO RNN v3 on cramped_room for 160 env steps (1
PPO updates).
20:59:12 Training finished; saving checkpoint and GIF.
Saved model checkpoint to: checkpoints/smoke_ippo_v3_cpu/model.msgpack
╭──────────────────────────────────────────────────────────────────────────────╮
│   Training... ━━━━━━━━━━━━━━━━━━━━━━━━━━━━━━━━━━━━━━━━━ 100% 0:00:04 0:00:00 │
╰──────────────────────────────────────────────────────────────────────────────╯
╭──────────────────────────────────────────────────────────────────────────────╮
│                               Current Metrics                                │
│ ┏━━━━━━━━━━━━━━━━━━━━━━━━━━━━━━━━━━━━━━━━━━━━━━━━━━┳━━━━━━━━━━━━━━━━━━━━━━━┓ │
│ ┃ Metric                                           ┃ Value                 ┃ │
│ ┡━━━━━━━━━━━━━━━━━━━━━━━━━━━━━━━━━━━━━━━━━━━━━━━━━━╇━━━━━━━━━━━━━━━━━━━━━━━┩ │
│ │ env_step                                         │ 160                   │ │
│ │ base_rew/step                                    │ 0.0000                │ │
│ │ combined_rew/step                                │ 0.0656                │ │
│ │ combined_rew                                     │ 21.0000               │ │
│ │ delivery                                         │ 0.0000                │ │
│ │ pickup                                           │ 13.0000               │ │
│ │ drop                                             │ 6.0000                │ │
│ │ pot_place                                        │ 0.0000                │ │
│ │ pot_start                                        │ 0.0000                │ │
│ │ dish_pickup                                      │ 0.0000                │ │
│ │ dish_to_goal                                     │ 0.0000                │ │
│ │ pot_burn                                         │ 0.0000                │ │
│ │ order_expired                                    │ 0.0000                │ │
│ │ order_added                                      │ 0.0000                │ │
│ │ order_front                                      │ 0.0000                │ │
│ │ orders_active                                    │ 0.0000                │ │
│ │ loss                                             │ 0.2528                │ │
│ │ value_loss                                       │ 0.5792                │ │
│ │ entropy                                          │ 1.7824                │ │
│ │ anneal                                           │ 1.0000                │ │
│ └──────────────────────────────────────────────────┴───────────────────────┘ │
╰──────────────────────────────────────────────────────────────────────────────╯